
HP@LAPTOP-E68OG1TT MINGW64 ~
$ cd D:

HP@LAPTOP-E68OG1TT MINGW64 /d
$ cd git-katas

HP@LAPTOP-E68OG1TT MINGW64 /d/git-katas (master)
$ cd branch-commits
bash: cd: branch-commits: No such file or directory

HP@LAPTOP-E68OG1TT MINGW64 /d/git-katas (master)
$ cd basic-commits

HP@LAPTOP-E68OG1TT MINGW64 /d/git-katas/basic-commits (master)
$ ls
README.md  exercise/  setup.ps1  setup.sh*

HP@LAPTOP-E68OG1TT MINGW64 /d/git-katas/basic-commits (master)
$ cd excercise
bash: cd: excercise: No such file or directory

HP@LAPTOP-E68OG1TT MINGW64 /d/git-katas/basic-commits (master)
$ cd exercise

HP@LAPTOP-E68OG1TT MINGW64 /d/git-katas/basic-commits/exercise (master)
$ ls
new_file.txt

HP@LAPTOP-E68OG1TT MINGW64 /d/git-katas/basic-commits/exercise (master)
$ cat new_file.txt
changing the file again

HP@LAPTOP-E68OG1TT MINGW64 /d/git-katas/basic-commits/exercise (master)
$ cd

HP@LAPTOP-E68OG1TT MINGW64 ~
$ cd D:/git-katas/basic-commits

HP@LAPTOP-E68OG1TT MINGW64 /d/git-katas/basic-commits (master)
$ git log
commit f4ae8751a9bffdd8fccd0c23c783d4a42fadda2a (HEAD -> master, origin/master)
Author: Divija <divija.amaram@gmail.com>
Date:   Sat Mar 5 03:18:25 2022 +0530

    initial commit

HP@LAPTOP-E68OG1TT MINGW64 /d/git-katas/basic-commits (master)
$ ls
README.md  exercise/  setup.ps1  setup.sh*

HP@LAPTOP-E68OG1TT MINGW64 /d/git-katas/basic-commits (master)
$ git add .
warning: adding embedded git repository: basic-commits/exercise
hint: You've added another git repository inside your current repository.
hint: Clones of the outer repository will not contain the contents of
hint: the embedded repository and will not know how to obtain it.
hint: If you meant to add a submodule, use:
hint:
hint:   git submodule add <url> basic-commits/exercise
hint:
hint: If you added this path by mistake, you can remove it from the
hint: index with:
hint:
hint:   git rm --cached basic-commits/exercise
hint:
hint: See "git help submodule" for more information.

HP@LAPTOP-E68OG1TT MINGW64 /d/git-katas/basic-commits (master)
$ git commit -m "basic-commit-completed"
[master 4961ee0] basic-commit-completed
 1 file changed, 1 insertion(+)
 create mode 160000 basic-commits/exercise

HP@LAPTOP-E68OG1TT MINGW64 /d/git-katas/basic-commits (master)
$ git status
On branch master
Your branch is ahead of 'origin/master' by 1 commit.
  (use "git push" to publish your local commits)

Changes not staged for commit:
  (use "git add <file>..." to update what will be committed)
  (use "git restore <file>..." to discard changes in working directory)
        modified:   ../.gitignore

no changes added to commit (use "git add" and/or "git commit -a")

HP@LAPTOP-E68OG1TT MINGW64 /d/git-katas/basic-commits (master)
$ git push origin master
Enumerating objects: 5, done.
Counting objects: 100% (5/5), done.
Delta compression using up to 4 threads
Compressing objects: 100% (3/3), done.
Writing objects: 100% (3/3), 395 bytes | 197.00 KiB/s, done.
Total 3 (delta 1), reused 0 (delta 0), pack-reused 0
remote: Resolving deltas: 100% (1/1), completed with 1 local object.
To https://github.com/Divija1002/git_katas_1
   f4ae875..4961ee0  master -> master

HP@LAPTOP-E68OG1TT MINGW64 /d/git-katas/basic-commits (master)
$ git log
commit 4961ee0f403c8dd06767d209b4f372906de0c283 (HEAD -> master, origin/master)
Author: Divija <divija.amaram@gmail.com>
Date:   Sat Mar 5 04:10:34 2022 +0530

    basic-commit-completed

commit f4ae8751a9bffdd8fccd0c23c783d4a42fadda2a
Author: Divija <divija.amaram@gmail.com>
Date:   Sat Mar 5 03:18:25 2022 +0530

    initial commit

HP@LAPTOP-E68OG1TT MINGW64 /d/git-katas/basic-commits (master)
$ git merge exercise
merge: exercise - not something we can merge

HP@LAPTOP-E68OG1TT MINGW64 /d/git-katas/basic-commits (master)
$ git submodule add origin basic-commits/exercise
fatal: repo URL: 'origin' must be absolute or begin with ./|../

HP@LAPTOP-E68OG1TT MINGW64 /d/git-katas/basic-commits (master)
$ ls
README.md  exercise/  setup.ps1  setup.sh*

HP@LAPTOP-E68OG1TT MINGW64 /d/git-katas/basic-commits (master)
$ cd exercise

HP@LAPTOP-E68OG1TT MINGW64 /d/git-katas/basic-commits/exercise (master)
$ ls
new_file.txt

HP@LAPTOP-E68OG1TT MINGW64 /d/git-katas/basic-commits/exercise (master)
$ git add exercise
fatal: pathspec 'exercise' did not match any files

HP@LAPTOP-E68OG1TT MINGW64 /d/git-katas/basic-commits/exercise (master)
$ cd

HP@LAPTOP-E68OG1TT MINGW64 ~
$ cd D:/git-katas/basic-commits

HP@LAPTOP-E68OG1TT MINGW64 /d/git-katas/basic-commits (master)
$ ls
README.md  exercise/  setup.ps1  setup.sh*

HP@LAPTOP-E68OG1TT MINGW64 /d/git-katas/basic-commits (master)
$ git add exercise

HP@LAPTOP-E68OG1TT MINGW64 /d/git-katas/basic-commits (master)
$ git submodule update

HP@LAPTOP-E68OG1TT MINGW64 /d/git-katas/basic-commits (master)
$ git push origin master
Everything up-to-date

HP@LAPTOP-E68OG1TT MINGW64 /d/git-katas/basic-commits (master)
$ git rm --cached basic-commits/exercise
fatal: pathspec 'basic-commits/exercise' did not match any files

HP@LAPTOP-E68OG1TT MINGW64 /d/git-katas/basic-commits (master)
$ git rm --cached exercise
rm 'basic-commits/exercise'

HP@LAPTOP-E68OG1TT MINGW64 /d/git-katas/basic-commits (master)
$ git commit -m "remove cached repo"
[master 3cc7c4a] remove cached repo
 1 file changed, 1 deletion(-)
 delete mode 160000 basic-commits/exercise

HP@LAPTOP-E68OG1TT MINGW64 /d/git-katas/basic-commits (master)
$ git add exercise/
warning: adding embedded git repository: basic-commits/exercise
hint: You've added another git repository inside your current repository.
hint: Clones of the outer repository will not contain the contents of
hint: the embedded repository and will not know how to obtain it.
hint: If you meant to add a submodule, use:
hint:
hint:   git submodule add <url> basic-commits/exercise
hint:
hint: If you added this path by mistake, you can remove it from the
hint: index with:
hint:
hint:   git rm --cached basic-commits/exercise
hint:
hint: See "git help submodule" for more information.

HP@LAPTOP-E68OG1TT MINGW64 /d/git-katas/basic-commits (master)
$ git commit -m "Add folder"
[master 6420f60] Add folder
 1 file changed, 1 insertion(+)
 create mode 160000 basic-commits/exercise

HP@LAPTOP-E68OG1TT MINGW64 /d/git-katas/basic-commits (master)
$ git push
Enumerating objects: 6, done.
Counting objects: 100% (6/6), done.
Delta compression using up to 4 threads
Compressing objects: 100% (4/4), done.
Writing objects: 100% (4/4), 441 bytes | 220.00 KiB/s, done.
Total 4 (delta 2), reused 0 (delta 0), pack-reused 0
remote: Resolving deltas: 100% (2/2), completed with 2 local objects.
To https://github.com/Divija1002/git_katas_1
   4961ee0..6420f60  master -> master

HP@LAPTOP-E68OG1TT MINGW64 /d/git-katas/basic-commits (master)
$ git submodule add exercise
fatal: repo URL: 'exercise' must be absolute or begin with ./|../

HP@LAPTOP-E68OG1TT MINGW64 /d/git-katas/basic-commits (master)
$ git submodule add https://github.com/Divija1002/git_katas_1/commits/exercise
fatal: 'basic-commits/exercise' already exists in the index

HP@LAPTOP-E68OG1TT MINGW64 /d/git-katas/basic-commits (master)
$ git submodule add ./exercise
fatal: Relative path can only be used from the toplevel of the working tree

HP@LAPTOP-E68OG1TT MINGW64 /d/git-katas/basic-commits (master)
$ git submodule add ./exercise/
fatal: Relative path can only be used from the toplevel of the working tree

HP@LAPTOP-E68OG1TT MINGW64 /d/git-katas/basic-commits (master)
$ ^C

HP@LAPTOP-E68OG1TT MINGW64 /d/git-katas/basic-commits (master)
$  git rm --cached basic-commits/exercise
fatal: pathspec 'basic-commits/exercise' did not match any files

HP@LAPTOP-E68OG1TT MINGW64 /d/git-katas/basic-commits (master)
$  git rm --cached ./basic-commits/exercise
fatal: pathspec './basic-commits/exercise' did not match any files

HP@LAPTOP-E68OG1TT MINGW64 /d/git-katas/basic-commits (master)
$  git rm -r --cached ./basic-commits/exercise
fatal: pathspec './basic-commits/exercise' did not match any files

HP@LAPTOP-E68OG1TT MINGW64 /d/git-katas/basic-commits (master)
$  git rm -r --cached ./basic-commits/exercise\
>
fatal: pathspec './basic-commits/exercise' did not match any files

HP@LAPTOP-E68OG1TT MINGW64 /d/git-katas/basic-commits (master)
$  git rm -r --cached ./basic-commits/exercise/
fatal: pathspec './basic-commits/exercise/' did not match any files

HP@LAPTOP-E68OG1TT MINGW64 /d/git-katas/basic-commits (master)
