
HP@LAPTOP-E68OG1TT MINGW64 ~
$ cd D:

HP@LAPTOP-E68OG1TT MINGW64 /d
$ cd git-katas

HP@LAPTOP-E68OG1TT MINGW64 /d/git-katas (master)
$ cd ignore

HP@LAPTOP-E68OG1TT MINGW64 /d/git-katas/ignore (master)
$ source setup.sh
Initialized empty Git repository in D:/git-katas/ignore/exercise/.git/
Switched to a new branch 'master'

HP@LAPTOP-E68OG1TT MINGW64 /d/git-katas/ignore/exercise (master)
$ touch foo.s

HP@LAPTOP-E68OG1TT MINGW64 /d/git-katas/ignore/exercise (master)
$ git status
On branch master

No commits yet

Untracked files:
  (use "git add <file>..." to include in what will be committed)
        file1.txt
        foo.s

nothing added to commit but untracked files present (use "git add" to track)

HP@LAPTOP-E68OG1TT MINGW64 /d/git-katas/ignore/exercise (master)
$ ls
file1.txt  foo.s

HP@LAPTOP-E68OG1TT MINGW64 /d/git-katas/ignore/exercise (master)
$ touch .gitignore

HP@LAPTOP-E68OG1TT MINGW64 /d/git-katas/ignore/exercise (master)
$ vim .gitignore

HP@LAPTOP-E68OG1TT MINGW64 /d/git-katas/ignore/exercise (master)
$ cat .gitignore
*.s

HP@LAPTOP-E68OG1TT MINGW64 /d/git-katas/ignore/exercise (master)
$ git add file1.txt
warning: LF will be replaced by CRLF in file1.txt.
The file will have its original line endings in your working directory

HP@LAPTOP-E68OG1TT MINGW64 /d/git-katas/ignore/exercise (master)
$ git commit -m "ignore-commit-1"
[master (root-commit) 0b7f02e] ignore-commit-1
 1 file changed, 1 insertion(+)
 create mode 100644 file1.txt

HP@LAPTOP-E68OG1TT MINGW64 /d/git-katas/ignore/exercise (master)
$ vim .gitignore

HP@LAPTOP-E68OG1TT MINGW64 /d/git-katas/ignore/exercise (master)
$ git status
On branch master
Untracked files:
  (use "git add <file>..." to include in what will be committed)
        .gitignore

nothing added to commit but untracked files present (use "git add" to track)

HP@LAPTOP-E68OG1TT MINGW64 /d/git-katas/ignore/exercise (master)
$ touch newfile.txt

HP@LAPTOP-E68OG1TT MINGW64 /d/git-katas/ignore/exercise (master)
$ git status
On branch master
Untracked files:
  (use "git add <file>..." to include in what will be committed)
        .gitignore

nothing added to commit but untracked files present (use "git add" to track)

HP@LAPTOP-E68OG1TT MINGW64 /d/git-katas/ignore/exercise (master)
$ git rm --cached file1.txt
rm 'file1.txt'

HP@LAPTOP-E68OG1TT MINGW64 /d/git-katas/ignore/exercise (master)
$ git status
On branch master
Changes to be committed:
  (use "git restore --staged <file>..." to unstage)
        deleted:    file1.txt

Untracked files:
  (use "git add <file>..." to include in what will be committed)
        .gitignore


HP@LAPTOP-E68OG1TT MINGW64 /d/git-katas/ignore/exercise (master)
$ touch file2.txt

HP@LAPTOP-E68OG1TT MINGW64 /d/git-katas/ignore/exercise (master)
$ echo "!file2.txt" >> .gitignore
bash: !file2.txt: event not found

HP@LAPTOP-E68OG1TT MINGW64 /d/git-katas/ignore/exercise (master)
$ vim .gitignore

HP@LAPTOP-E68OG1TT MINGW64 /d/git-katas/ignore/exercise (master)
$ cat .gitignore
*.s
*.txt
!file2.txt

HP@LAPTOP-E68OG1TT MINGW64 /d/git-katas/ignore/exercise (master)
$ git status
On branch master
Changes to be committed:
  (use "git restore --staged <file>..." to unstage)
        deleted:    file1.txt

Untracked files:
  (use "git add <file>..." to include in what will be committed)
        .gitignore
        file2.txt

