HP@LAPTOP-E68OG1TT MINGW64 /d/git-katas/merge-conflict/exercise (master)
$ git merge merge-conflict-branch1
Auto-merging file.txt
CONFLICT (add/add): Merge conflict in file.txt
Automatic merge failed; fix conflicts and then commit the result.

HP@LAPTOP-E68OG1TT MINGW64 /d/git-katas/merge-conflict/exercise (master|MERGING)
$ git status
On branch master
You have unmerged paths.
  (fix conflicts and run "git commit")
  (use "git merge --abort" to abort the merge)

Unmerged paths:
  (use "git add <file>..." to mark resolution)
        both added:      file.txt

no changes added to commit (use "git add" and/or "git commit -a")

HP@LAPTOP-E68OG1TT MINGW64 /d/git-katas/merge-conflict/exercise (master|MERGING)
$ cat file.txt
<<<<<<< HEAD
This is an indispensable truth!
=======
This is a relevant fact
>>>>>>> merge-conflict-branch1

HP@LAPTOP-E68OG1TT MINGW64 /d/git-katas/merge-conflict/exercise (master|MERGING)
$ nano file.txt

HP@LAPTOP-E68OG1TT MINGW64 /d/git-katas/merge-conflict/exercise (master|MERGING)
$ git status
On branch master
You have unmerged paths.
  (fix conflicts and run "git commit")
  (use "git merge --abort" to abort the merge)

Unmerged paths:
  (use "git add <file>..." to mark resolution)
        both added:      file.txt

no changes added to commit (use "git add" and/or "git commit -a")

HP@LAPTOP-E68OG1TT MINGW64 /d/git-katas/merge-conflict/exercise (master|MERGING)
$ git add file.txt

HP@LAPTOP-E68OG1TT MINGW64 /d/git-katas/merge-conflict/exercise (master|MERGING)
$ git commit -m "merge-conflict-1"
[master 9332f4d] merge-conflict-1

HP@LAPTOP-E68OG1TT MINGW64 /d/git-katas/merge-conflict/exercise (master)
$ git status
On branch master
nothing to commit, working tree clean

HP@LAPTOP-E68OG1TT MINGW64 /d/git-katas/merge-conflict/exercise (master)
$ rm -rf .git

HP@LAPTOP-E68OG1TT MINGW64 /d/git-katas/merge-conflict/exercise (master)
$ cd

HP@LAPTOP-E68OG1TT MINGW64 ~
$ cd D:/git-katas/merge-conflict

HP@LAPTOP-E68OG1TT MINGW64 /d/git-katas/merge-conflict (master)
$ git status
On branch master
Your branch is up to date with 'origin/master'.

Changes not staged for commit:
  (use "git add <file>..." to update what will be committed)
  (use "git restore <file>..." to discard changes in working directory)
        modified:   ../.gitignore

Untracked files:
  (use "git add <file>..." to include in what will be committed)
        exercise/

no changes added to commit (use "git add" and/or "git commit -a")

HP@LAPTOP-E68OG1TT MINGW64 /d/git-katas/merge-conflict (master)
$ git add .
warning: CRLF will be replaced by LF in merge-conflict/exercise/file.txt.
The file will have its original line endings in your working directory

HP@LAPTOP-E68OG1TT MINGW64 /d/git-katas/merge-conflict (master)
$ git commit -m "merge-confilct-final-commit"
[master dcc9c55] merge-confilct-final-commit
 2 files changed, 4 insertions(+)
 create mode 100644 merge-conflict/exercise/file.txt
 create mode 100644 merge-conflict/exercise/greeting.txt

HP@LAPTOP-E68OG1TT MINGW64 /d/git-katas/merge-conflict (master)
$ git push origin master
Enumerating objects: 8, done.
Counting objects: 100% (8/8), done.
Delta compression using up to 4 threads
Compressing objects: 100% (5/5), done.
Writing objects: 100% (6/6), 554 bytes | 554.00 KiB/s, done.
Total 6 (delta 1), reused 0 (delta 0), pack-reused 0
remote: Resolving deltas: 100% (1/1), completed with 1 local object.
To https://github.com/Divija1002/git_katas_1
   94c06e2..dcc9c55  master -> master
